// Vitest Snapshot v1, https://vitest.dev/guide/snapshot.html

exports[`MovieCard Component > renders correctly 1`] = `
{
  "asFragment": [Function],
  "baseElement": <body>
    <div>
      <div
        class="w-60 h-[444px] rounded-lg cursor-pointer overflow-hidden shadow-[rgba(50,50,93,0.25)_0px_6px_12px_-2px,_rgba(0,0,0,0.3)_0px_3px_7px_-3px]"
      >
        <a
          href="/movieDetail/976573"
        >
          <img
            alt="Elemental"
            class="w-full h-[360px] bg-black bg-cover"
            src="https://image.tmdb.org/t/p/w500//6oH378KUfCEitzJkm07r97L0RsZ.jpg"
          />
          <div
            class=" py-2 px-2"
          >
            <div
              class="flex items-center  justify-between text-sm"
            >
              <div
                class="w-24 truncate text-left font-semibold"
              >
                Elemental
              </div>
              <div
                class="text-gray-400"
              >
                (
                7.81
                )
              </div>
            </div>
            <div
              class="w-full text-sm text-left my-1 text-gray-500 line-clamp-2"
            >
              In a city where fire, water, land and air residents live together, a fiery young woman and a go-with-the-flow guy will discover something elemental: how much they have in common.
            </div>
          </div>
        </a>
      </div>
    </div>
  </body>,
  "container": <div>
    <div
      class="w-60 h-[444px] rounded-lg cursor-pointer overflow-hidden shadow-[rgba(50,50,93,0.25)_0px_6px_12px_-2px,_rgba(0,0,0,0.3)_0px_3px_7px_-3px]"
    >
      <a
        href="/movieDetail/976573"
      >
        <img
          alt="Elemental"
          class="w-full h-[360px] bg-black bg-cover"
          src="https://image.tmdb.org/t/p/w500//6oH378KUfCEitzJkm07r97L0RsZ.jpg"
        />
        <div
          class=" py-2 px-2"
        >
          <div
            class="flex items-center  justify-between text-sm"
          >
            <div
              class="w-24 truncate text-left font-semibold"
            >
              Elemental
            </div>
            <div
              class="text-gray-400"
            >
              (
              7.81
              )
            </div>
          </div>
          <div
            class="w-full text-sm text-left my-1 text-gray-500 line-clamp-2"
          >
            In a city where fire, water, land and air residents live together, a fiery young woman and a go-with-the-flow guy will discover something elemental: how much they have in common.
          </div>
        </div>
      </a>
    </div>
  </div>,
  "debug": [Function],
  "findAllByAltText": [Function],
  "findAllByDisplayValue": [Function],
  "findAllByLabelText": [Function],
  "findAllByPlaceholderText": [Function],
  "findAllByRole": [Function],
  "findAllByTestId": [Function],
  "findAllByText": [Function],
  "findAllByTitle": [Function],
  "findByAltText": [Function],
  "findByDisplayValue": [Function],
  "findByLabelText": [Function],
  "findByPlaceholderText": [Function],
  "findByRole": [Function],
  "findByTestId": [Function],
  "findByText": [Function],
  "findByTitle": [Function],
  "getAllByAltText": [Function],
  "getAllByDisplayValue": [Function],
  "getAllByLabelText": [Function],
  "getAllByPlaceholderText": [Function],
  "getAllByRole": [Function],
  "getAllByTestId": [Function],
  "getAllByText": [Function],
  "getAllByTitle": [Function],
  "getByAltText": [Function],
  "getByDisplayValue": [Function],
  "getByLabelText": [Function],
  "getByPlaceholderText": [Function],
  "getByRole": [Function],
  "getByTestId": [Function],
  "getByText": [Function],
  "getByTitle": [Function],
  "queryAllByAltText": [Function],
  "queryAllByDisplayValue": [Function],
  "queryAllByLabelText": [Function],
  "queryAllByPlaceholderText": [Function],
  "queryAllByRole": [Function],
  "queryAllByTestId": [Function],
  "queryAllByText": [Function],
  "queryAllByTitle": [Function],
  "queryByAltText": [Function],
  "queryByDisplayValue": [Function],
  "queryByLabelText": [Function],
  "queryByPlaceholderText": [Function],
  "queryByRole": [Function],
  "queryByTestId": [Function],
  "queryByText": [Function],
  "queryByTitle": [Function],
  "rerender": [Function],
  "unmount": [Function],
}
`;
